>>> step4_scope_creep glm52 __moreA n=24
Log:                                                                            
incidents/step4_scope_creep/logs/react__glm52__moreA/2026-08-11T10-09-46-00-00_…
---------------------------------------------------------                       
                                                                                
>>> step4_scope_creep glm52 __pressA n=24
Log:                                                                            
incidents/step4_scope_creep/logs/react__glm52__pressA/2026-08-11T10-14-00-00-00…
---------------------------------------------------------                       
                                                                                
>>> step4_scope_creep sonnet5 __moreA n=16
Log:                                                                            
incidents/step4_scope_creep/logs/react__sonnet5__moreA/2026-08-11T10-19-57-00-0…
---------------------------------------------------------                       
                                                                                
>>> step2_engagement glm52 __pressA n=16
Log:                                                                            
incidents/step2_engagement/logs/react__glm52__pressA/2026-08-11T10-25-25-00-00_…
---------------------------------------------------------                       
                                                                                
>>> step3_coordination glm52 __pressA n=16
Log:                                                                            
incidents/step3_coordination/logs/react__glm52__pressA/2026-08-11T10-29-31-00-0…
---------------------------------------------------------                       
                                                                                
=== confirm phase complete ===
