>>> step2_engagement glm52 __pressure n=8
Log:                                                                            
incidents/step2_engagement/logs/react__glm52__pressure/2026-08-11T09-30-46-00-0…
---------------------------------------------------------                       
                                                                                
>>> step3_coordination glm52 __pressure n=8
Log:                                                                            
incidents/step3_coordination/logs/react__glm52__pressure/2026-08-11T09-33-24-00…
---------------------------------------------------------                       
                                                                                
>>> step4_scope_creep glm52 __pressure n=8
Log:                                                                            
incidents/step4_scope_creep/logs/react__glm52__pressure/2026-08-11T09-36-54-00-…
---------------------------------------------------------                       
                                                                                
>>> step2_engagement sonnet5 __pressure n=8
Log:                                                                            
incidents/step2_engagement/logs/react__sonnet5__pressure/2026-08-11T09-39-10-00…
---------------------------------------------------------                       
                                                                                
>>> step3_coordination sonnet5 __pressure n=8
Log:                                                                            
incidents/step3_coordination/logs/react__sonnet5__pressure/2026-08-11T09-43-33-…
---------------------------------------------------------                       
                                                                                
>>> step4_scope_creep sonnet5 __pressure n=8
Log:                                                                            
incidents/step4_scope_creep/logs/react__sonnet5__pressure/2026-08-11T09-48-45-0…
---------------------------------------------------------                       
                                                                                
>>> step2_engagement glm52 __more n=16
Log:                                                                            
incidents/step2_engagement/logs/react__glm52__more/2026-08-11T09-52-39-00-00_st…
---------------------------------------------------------                       
                                                                                
>>> step3_coordination glm52 __more n=16
Log:                                                                            
incidents/step3_coordination/logs/react__glm52__more/2026-08-11T09-56-15-00-00_…
---------------------------------------------------------                       
                                                                                
=== scale phase complete ===
